#
# There is insufficient memory for the Java Runtime Environment to continue.
# Native memory allocation (mmap) failed to map 268435456 bytes for Failed to commit area from 0x0000000701000000 to 0x0000000711000000 of length 268435456.
# Possible reasons:
#   The system is out of physical RAM or swap space
#   The process is running with CompressedOops enabled, and the Java Heap may be blocking the growth of the native heap
# Possible solutions:
#   Reduce memory load on the system
#   Increase physical memory or swap space
#   Check if swap backing store is full
#   Decrease Java heap size (-Xmx/-Xms)
#   Decrease number of Java threads
#   Decrease Java thread stack sizes (-Xss)
#   Set larger code cache with -XX:ReservedCodeCacheSize=
# This output file may be truncated or incomplete.
#
#  Out of Memory Error (./src/hotspot/os/windows/os_windows.cpp:3387), pid=24900, tid=37500
#
# JRE version:  (11.0.14.1+1) (build )
# Java VM: OpenJDK 64-Bit Server VM (11.0.14.1+1, mixed mode, sharing, tiered, compressed oops, g1 gc, windows-amd64)
# No core dump will be written. Minidumps are not enabled by default on client versions of Windows
#

---------------  S U M M A R Y ------------

Command Line: -Dfile.encoding=UTF-8 -Dcom.android.sdklib.toolsdir=C:\Program Files\Unity\Hub\Editor\2022.3.7f1\Editor\Data\PlaybackEngines\AndroidPlayer\SDK\cmdline-tools\6.0\bin\\.. com.android.sdklib.tool.sdkmanager.SdkManagerCli --list

Host: AMD Ryzen 5 5600X 6-Core Processor             , 12 cores, 15G,  Windows 10 , 64 bit Build 19041 (10.0.19041.5198)
Time: Sun Dec 15 12:22:30 2024 대한민국 표준시 elapsed time: 0.012811 seconds (0d 0h 0m 0s)

---------------  T H R E A D  ---------------

Current thread (0x00000251d43f3000):  JavaThread "Unknown thread" [_thread_in_vm, id=37500, stack(0x000000aabcc00000,0x000000aabcd00000)]

Stack: [0x000000aabcc00000,0x000000aabcd00000]
Native frames: (J=compiled Java code, j=interpreted, Vv=VM code, C=native code)
V  [jvm.dll+0x61e59a]
V  [jvm.dll+0x7aaca9]
V  [jvm.dll+0x7ac398]
V  [jvm.dll+0x7aca73]
V  [jvm.dll+0x24f9b8]
V  [jvm.dll+0x61b83a]
V  [jvm.dll+0x6100c5]
V  [jvm.dll+0x30772c]
V  [jvm.dll+0x3075b2]
V  [jvm.dll+0x30c2d6]
V  [jvm.dll+0x35272f]
V  [jvm.dll+0x352160]
V  [jvm.dll+0x2e4728]
V  [jvm.dll+0x2e5886]
V  [jvm.dll+0x784b07]
V  [jvm.dll+0x78628f]
V  [jvm.dll+0x35f479]
V  [jvm.dll+0x767aa0]
V  [jvm.dll+0x3ccf1f]
V  [jvm.dll+0x3cf2b1]
C  [jli.dll+0x5207]
C  [ucrtbase.dll+0x21bb2]
C  [KERNEL32.DLL+0x17374]
C  [ntdll.dll+0x4cc91]


---------------  P R O C E S S  ---------------

Threads class SMR info:
_java_thread_list=0x00000251d2200a00, length=0, elements={
}

Java Threads: ( => current thread )

Other Threads:
  0x00000251d440d000 GCTaskThread "GC Thread#0" [stack: 0x000000aabcd00000,0x000000aabce00000] [id=36892]
  0x00000251d446c000 ConcurrentGCThread "G1 Main Marker" [stack: 0x000000aabce00000,0x000000aabcf00000] [id=38276]
  0x00000251d446f800 ConcurrentGCThread "G1 Conc#0" [stack: 0x000000aabcf00000,0x000000aabd000000] [id=25332]

[error occurred during error reporting (printing all threads), id 0xc0000005, EXCEPTION_ACCESS_VIOLATION (0xc0000005) at pc=0x00007ff9115d3ef7]

VM state:not at safepoint (not fully initialized)

VM Mutex/Monitor currently owned by a thread:  ([mutex/lock_event])
[0x00000251d43f05f0] Heap_lock - owner thread: 0x00000251d43f3000

Heap address: 0x0000000701000000, size: 4080 MB, Compressed Oops mode: Non-zero based: 0x0000000701000000
Narrow klass base: 0x0000000000000000, Narrow klass shift: 0

GC Heap History (0 events):
No events

Deoptimization events (0 events):
No events

Classes redefined (0 events):
No events

Internal exceptions (0 events):
No events

Events (1 events):
Event: 0.009 Loaded shared library C:\Program Files\Unity\Hub\Editor\2022.3.7f1\Editor\Data\PlaybackEngines\AndroidPlayer\OpenJDK\bin\zip.dll


Dynamic libraries:
0x00007ff7d0c30000 - 0x00007ff7d0c3d000 	C:\Program Files\Unity\Hub\Editor\2022.3.7f1\Editor\Data\PlaybackEngines\AndroidPlayer\OpenJDK\bin\java.exe
0x00007ffa13ab0000 - 0x00007ffa13ca8000 	C:\WINDOWS\SYSTEM32\ntdll.dll
0x00007ffa12490000 - 0x00007ffa12552000 	C:\WINDOWS\System32\KERNEL32.DLL
0x00007ffa114a0000 - 0x00007ffa1179e000 	C:\WINDOWS\System32\KERNELBASE.dll
0x00007ffa113a0000 - 0x00007ffa114a0000 	C:\WINDOWS\System32\ucrtbase.dll
0x00007ff953290000 - 0x00007ff9532a7000 	C:\Program Files\Unity\Hub\Editor\2022.3.7f1\Editor\Data\PlaybackEngines\AndroidPlayer\OpenJDK\bin\jli.dll
0x00007ff953270000 - 0x00007ff953285000 	C:\Program Files\Unity\Hub\Editor\2022.3.7f1\Editor\Data\PlaybackEngines\AndroidPlayer\OpenJDK\bin\VCRUNTIME140.dll
0x00007ffa12710000 - 0x00007ffa128ad000 	C:\WINDOWS\System32\USER32.dll
0x00007ffa11aa0000 - 0x00007ffa11ac2000 	C:\WINDOWS\System32\win32u.dll
0x00007ffa13a40000 - 0x00007ffa13a6b000 	C:\WINDOWS\System32\GDI32.dll
0x00007ff9fa200000 - 0x00007ff9fa49a000 	C:\WINDOWS\WinSxS\amd64_microsoft.windows.common-controls_6595b64144ccf1df_6.0.19041.4355_none_60b8b9eb71f62e16\COMCTL32.dll
0x00007ffa12c20000 - 0x00007ffa12cbe000 	C:\WINDOWS\System32\msvcrt.dll
0x00007ffa111e0000 - 0x00007ffa112f7000 	C:\WINDOWS\System32\gdi32full.dll
0x00007ffa11300000 - 0x00007ffa1139d000 	C:\WINDOWS\System32\msvcp_win.dll
0x00007ffa12ff0000 - 0x00007ffa1301f000 	C:\WINDOWS\System32\IMM32.DLL
0x00007ff9531d0000 - 0x00007ff95326b000 	C:\Program Files\Unity\Hub\Editor\2022.3.7f1\Editor\Data\PlaybackEngines\AndroidPlayer\OpenJDK\bin\msvcp140.dll
0x00007ff9112e0000 - 0x00007ff911e61000 	C:\Program Files\Unity\Hub\Editor\2022.3.7f1\Editor\Data\PlaybackEngines\AndroidPlayer\OpenJDK\bin\server\jvm.dll
0x00007ffa130e0000 - 0x00007ffa13191000 	C:\WINDOWS\System32\ADVAPI32.dll
0x00007ffa12160000 - 0x00007ffa121ff000 	C:\WINDOWS\System32\sechost.dll
0x00007ffa12cc0000 - 0x00007ffa12de3000 	C:\WINDOWS\System32\RPCRT4.dll
0x00007ffa11a70000 - 0x00007ffa11a97000 	C:\WINDOWS\System32\bcrypt.dll
0x00007ffa11ad0000 - 0x00007ffa11ad8000 	C:\WINDOWS\System32\PSAPI.DLL
0x00007ffa0be70000 - 0x00007ffa0be79000 	C:\WINDOWS\SYSTEM32\WSOCK32.dll
0x00007ffa03ab0000 - 0x00007ffa03ad7000 	C:\WINDOWS\SYSTEM32\WINMM.dll
0x00007ffa05ec0000 - 0x00007ffa05eca000 	C:\WINDOWS\SYSTEM32\VERSION.dll
0x00007ffa12420000 - 0x00007ffa1248b000 	C:\WINDOWS\System32\WS2_32.dll
0x00007ffa0eff0000 - 0x00007ffa0f002000 	C:\WINDOWS\SYSTEM32\kernel.appcore.dll
0x00007ff9956c0000 - 0x00007ff9956d0000 	C:\Program Files\Unity\Hub\Editor\2022.3.7f1\Editor\Data\PlaybackEngines\AndroidPlayer\OpenJDK\bin\verify.dll
0x00007ffa08ad0000 - 0x00007ffa08cb4000 	C:\WINDOWS\SYSTEM32\DBGHELP.DLL
0x00007ffa08090000 - 0x00007ffa080c4000 	C:\WINDOWS\SYSTEM32\dbgcore.DLL
0x00007ffa11150000 - 0x00007ffa111d2000 	C:\WINDOWS\System32\bcryptPrimitives.dll
0x00007ff9531a0000 - 0x00007ff9531c8000 	C:\Program Files\Unity\Hub\Editor\2022.3.7f1\Editor\Data\PlaybackEngines\AndroidPlayer\OpenJDK\bin\java.dll
0x00007ff994fb0000 - 0x00007ff994fba000 	C:\Program Files\Unity\Hub\Editor\2022.3.7f1\Editor\Data\PlaybackEngines\AndroidPlayer\OpenJDK\bin\jimage.dll
0x00007ff953180000 - 0x00007ff953198000 	C:\Program Files\Unity\Hub\Editor\2022.3.7f1\Editor\Data\PlaybackEngines\AndroidPlayer\OpenJDK\bin\zip.dll

dbghelp: loaded successfully - version: 4.0.5 - missing functions: none
symbol engine: initialized successfully - sym options: 0x614 - pdb path: .;C:\Program Files\Unity\Hub\Editor\2022.3.7f1\Editor\Data\PlaybackEngines\AndroidPlayer\OpenJDK\bin;C:\WINDOWS\SYSTEM32;C:\WINDOWS\WinSxS\amd64_microsoft.windows.common-controls_6595b64144ccf1df_6.0.19041.4355_none_60b8b9eb71f62e16;C:\Program Files\Unity\Hub\Editor\2022.3.7f1\Editor\Data\PlaybackEngines\AndroidPlayer\OpenJDK\bin\server

VM Arguments:
jvm_args: -Dfile.encoding=UTF-8 -Dcom.android.sdklib.toolsdir=C:\Program Files\Unity\Hub\Editor\2022.3.7f1\Editor\Data\PlaybackEngines\AndroidPlayer\SDK\cmdline-tools\6.0\bin\\.. 
java_command: com.android.sdklib.tool.sdkmanager.SdkManagerCli --list
java_class_path (initial): C:\Program Files\Unity\Hub\Editor\2022.3.7f1\Editor\Data\PlaybackEngines\AndroidPlayer\SDK\cmdline-tools\6.0\bin\..\lib\sdkmanager-classpath.jar
Launcher Type: SUN_STANDARD

[Global flags]
     intx CICompilerCount                          = 4                                         {product} {ergonomic}
     uint ConcGCThreads                            = 3                                         {product} {ergonomic}
     uint G1ConcRefinementThreads                  = 10                                        {product} {ergonomic}
   size_t G1HeapRegionSize                         = 1048576                                   {product} {ergonomic}
    uintx GCDrainStackTargetSize                   = 64                                        {product} {ergonomic}
   size_t InitialHeapSize                          = 268435456                                 {product} {ergonomic}
   size_t MarkStackSize                            = 4194304                                   {product} {ergonomic}
   size_t MaxHeapSize                              = 4278190080                                {product} {ergonomic}
   size_t MinHeapDeltaBytes                        = 1048576                                   {product} {ergonomic}
    uintx NonNMethodCodeHeapSize                   = 5836300                                {pd product} {ergonomic}
    uintx NonProfiledCodeHeapSize                  = 122910970                              {pd product} {ergonomic}
    uintx ProfiledCodeHeapSize                     = 122910970                              {pd product} {ergonomic}
    uintx ReservedCodeCacheSize                    = 251658240                              {pd product} {ergonomic}
     bool SegmentedCodeCache                       = true                                      {product} {ergonomic}
     bool UseCompressedClassPointers               = true                                 {lp64_product} {ergonomic}
     bool UseCompressedOops                        = true                                 {lp64_product} {ergonomic}
     bool UseG1GC                                  = true                                      {product} {ergonomic}
     bool UseLargePagesIndividualAllocation        = false                                  {pd product} {ergonomic}

Logging:
Log output configuration:
 #0: stdout all=warning uptime,level,tags
 #1: stderr all=off uptime,level,tags

Environment Variables:
JAVA_HOME=C:\Program Files\Unity\Hub\Editor\2022.3.7f1\Editor\Data\PlaybackEngines\AndroidPlayer\OpenJDK
JAVA_TOOL_OPTIONS=-Dfile.encoding=UTF-8
CLASSPATH=C:\Program Files\Unity\Hub\Editor\2022.3.7f1\Editor\Data\PlaybackEngines\AndroidPlayer\SDK\cmdline-tools\6.0\bin\..\lib\sdkmanager-classpath.jar
PATH=C:\WINDOWS\system32;C:\WINDOWS;C:\WINDOWS\System32\Wbem;C:\WINDOWS\System32\WindowsPowerShell\v1.0\;C:\WINDOWS\System32\OpenSSH\;C:\Program Files\dotnet\;C:\Program Files\Git\cmd;C:\Program Files (x86)\Windows Kits\10\Windows Performance Toolkit\;C:\Users\jo111\AppData\Local\Microsoft\WindowsApps;C:\Users\jo111\.dotnet\tools;C:\Users\jo111\AppData\Local\GitHubDesktop\bin;C:\Users\jo111\AppData\Local\gitkraken\bin
USERNAME=jo111
OS=Windows_NT
PROCESSOR_IDENTIFIER=AMD64 Family 25 Model 33 Stepping 2, AuthenticAMD



---------------  S Y S T E M  ---------------

OS: Windows 10 , 64 bit Build 19041 (10.0.19041.5198)
OS uptime: 0 days 21:07 hours

CPU:total 12 (initial active 12) (12 cores per cpu, 2 threads per core) family 25 model 33 stepping 2 microcode 0x0, cmov, cx8, fxsr, mmx, sse, sse2, sse3, ssse3, sse4.1, sse4.2, popcnt, avx, avx2, aes, clmul, mmxext, 3dnowpref, lzcnt, sse4a, ht, tsc, tscinvbit, tscinv, bmi1, bmi2, adx, sha, fma

Memory: 4k page, system-wide physical 16314M (419M free)
TotalPageFile size 65466M (AvailPageFile size 112M)
current process WorkingSet (physical memory assigned to process): 10M, peak: 10M
current process commit charge ("private bytes"): 64M, peak: 320M

vm_info: OpenJDK 64-Bit Server VM (11.0.14.1+1) for windows-amd64 JRE (11.0.14.1+1), built on Feb  9 2022 01:48:27 by "" with unknown MS VC++:1916

END.
